// Jest Snapshot v1, https://goo.gl/fbAQLP

exports[`Check if App component is rendered 1`] = `
Array [
  <nav
    className="navigation"
  >
    <div
      className="brand-name"
    >
      Math Magicians
    </div>
    <div>
      <ul>
        <li>
          <a
            aria-current="page"
            className="active"
            href="/"
            onClick={[Function]}
          >
            Home
          </a>
        </li>
        <li>
          <a
            className=""
            href="/Calculator"
            onClick={[Function]}
          >
            Calculator
          </a>
        </li>
        <li>
          <a
            className=""
            href="/Quotes"
            onClick={[Function]}
          >
            Quotes
          </a>
        </li>
      </ul>
    </div>
  </nav>,
  <div
    className="grid__wrapper"
  >
    <h1>
      Welcome to Our Page!
    </h1>
    <p>
      Lorem ipsum, dolor sit amet consectetur adipisicing elit. Amet esse aperiam reprehenderit repudiandae quod vitae? Eius perspiciatis expedita porro quos accusamus odio non, consequatur provident enim, assumenda distinctio aperiam dolores.
    </p>
    <p>
      Lorem ipsum, dolor sit amet consectetur adipisicing elit. Amet esse aperiam reprehenderit repudiandae quod vitae? Eius perspiciatis expedita porro quos accusamus odio non, consequatur provident enim, assumenda distinctio aperiam dolores.
    </p>
    <p>
      Lorem ipsum, dolor sit amet consectetur adipisicing elit. Amet esse aperiam reprehenderit repudiandae quod vitae? Eius perspiciatis expedita porro quos accusamus odio non, consequatur provident enim, assumenda distinctio aperiam dolores.
    </p>
    <p>
      Lorem ipsum, dolor sit amet consectetur adipisicing elit. Amet esse aperiam reprehenderit repudiandae quod vitae? Eius perspiciatis expedita porro quos accusamus odio non, consequatur provident enim, assumenda distinctio aperiam dolores.
    </p>
  </div>,
]
`;
