// Jest Snapshot v1, https://goo.gl/fbAQLP

exports[`Snapshot testing Check if Calculator component is rendered 1`] = `
<div
  className="container"
>
  <form
    name="calculator"
  >
    <div
      className="inputArea"
    >
      <input
        disabled={true}
        name="userInput"
        placeholder="0"
        type="text"
        value=""
      />
    </div>
    <div
      className="buttons"
    >
      <div
        className="btnAC btnr1"
      >
        <input
          onClick={[Function]}
          type="button"
          value="AC"
        />
      </div>
      <div
        className="btnSign btnr1"
      >
        <input
          onClick={[Function]}
          type="button"
          value="+/-"
        />
      </div>
      <div
        className="btnMod btnr1"
      >
        <input
          onClick={[Function]}
          type="button"
          value="%"
        />
      </div>
      <div
        className="btnDiv btnr1"
      >
        <input
          onClick={[Function]}
          type="button"
          value="รท"
        />
      </div>
      <div
        className="btn7 btnr2"
      >
        <input
          onClick={[Function]}
          type="button"
          value="7"
        />
      </div>
      <div
        className="btn8 btnr2"
      >
        <input
          onClick={[Function]}
          type="button"
          value="8"
        />
      </div>
      <div
        className="btn9 btnr2"
      >
        <input
          onClick={[Function]}
          type="button"
          value="9"
        />
      </div>
      <div
        className="btnX btnr1"
      >
        <input
          onClick={[Function]}
          type="button"
          value="x"
        />
      </div>
      <div
        className="btn4 btnr2"
      >
        <input
          onClick={[Function]}
          type="button"
          value="4"
        />
      </div>
      <div
        className="btn5 btnr2"
      >
        <input
          onClick={[Function]}
          type="button"
          value="5"
        />
      </div>
      <div
        className="btn6 btnr2"
      >
        <input
          onClick={[Function]}
          type="button"
          value="6"
        />
      </div>
      <div
        className="btnM btnr1"
      >
        <input
          onClick={[Function]}
          type="button"
          value="-"
        />
      </div>
      <div
        className="btnAC btnr2"
      >
        <input
          onClick={[Function]}
          type="button"
          value="1"
        />
      </div>
      <div
        className="btn2 btnr2"
      >
        <input
          onClick={[Function]}
          type="button"
          value="2"
        />
      </div>
      <div
        className="btn3 btnr2"
      >
        <input
          onClick={[Function]}
          type="button"
          value="3"
        />
      </div>
      <div
        className="btnA btnr1"
      >
        <input
          onClick={[Function]}
          type="button"
          value="+"
        />
      </div>
      <div
        className="btn0 colspan"
      >
        <input
          onClick={[Function]}
          type="button"
          value="0"
        />
      </div>
      <div
        className="btnDecimal btnr2"
      >
        <input
          onClick={[Function]}
          type="button"
          value="."
        />
      </div>
      <div
        className="btnE btnr1"
      >
        <input
          onClick={[Function]}
          type="button"
          value="="
        />
      </div>
    </div>
  </form>
</div>
`;
