// Jest Snapshot v1, https://goo.gl/fbAQLP

exports[`Snapshot testing Check if Navbar component is rendered 1`] = `
<nav
  className="navigation"
>
  <div
    className="brand-name"
  >
    Math Magicians
  </div>
  <div>
    <ul>
      <li>
        <a
          aria-current="page"
          className="active"
          href="/"
          onClick={[Function]}
        >
          Home
        </a>
      </li>
      <li>
        <a
          className=""
          href="/Calculator"
          onClick={[Function]}
        >
          Calculator
        </a>
      </li>
      <li>
        <a
          className=""
          href="/Quotes"
          onClick={[Function]}
        >
          Quotes
        </a>
      </li>
    </ul>
  </div>
</nav>
`;
